[shirali238.wixsite.com/portfolio.html]
[static.parastorage.com/unpkg/core-js-bundle@3.2.1/minified.js]
[static.parastorage.com/unpkg/focus-within-polyfill@5.0.9/dist/focus-within-polyfill.js]
[backblue.gif]
[fade.gif]
[index.html]
[polyfill.io/v3/polyfill.mind82c.js]
[shirali238.wixsite.com/portfolio/decodeURIComponent(e]
[browser.sentry-cdn.com/5.21.4/bundle.min.js]
[shirali238.wixsite.com/portfolio/https_]
[shirali238.wixsite.com/portfolio/robots.txt]
[shirali238.wixsite.com/portfolio/sitemap.xml]
[shirali238.wixsite.com/portfolio/feed.xml]
[static.parastorage.com/services/wix-thunderbolt/dist/bootstrap-features.7a8e7970.chunk.min.js]
[static.parastorage.com/services/wix-thunderbolt/dist/main.c4376c1f.chunk.min.js]
[static.parastorage.com/unpkg/lodash@4.17.15/lodash.min.js]
[static.parastorage.com/unpkg/react@16.13.1/umd/react.production.min.js]
[static.parastorage.com/services/wix-thunderbolt/dist/wix-code-sdk-providers.c5789345.chunk.min.js]
[static.parastorage.com/services/wix-thunderbolt/dist/dynamicPages.2f310d8b.chunk.min.js]
[static.parastorage.com/services/wix-thunderbolt/dist/page-features.82b621ec.chunk.min.js]
[static.parastorage.com/services/wix-thunderbolt/dist/ooi.809466cd.chunk.min.js]
[static.parastorage.com/services/wix-thunderbolt/dist/protectedPages.fe7a8024.chunk.min.js]
[static.parastorage.com/services/wix-thunderbolt/dist/siteMembers.e2d64c60.chunk.min.js]
[static.parastorage.com/services/wix-thunderbolt/dist/tpaCommons.447ae846.chunk.min.js]
[static.parastorage.com/services/wix-thunderbolt/dist/windowMessageRegistrar.2193e108.chunk.min.js]
[static.parastorage.com/services/wix-thunderbolt/dist/platform.b4d39711.chunk.min.js]
[static.parastorage.com/services/pro-gallery-santa-wrapper/1.1527.0/viewerScript.bundle.min.js]
[static.parastorage.com/services/profile-card-tpa-ooi/1.214.0/viewerScript.bundle.min.js]
[static.parastorage.com/services/profile-card-tpa-ooi/1.214.0/ProfileCardController.bundle.min.js]
[static.parastorage.com/services/chat-worker/1.586.0/viewer-script.bundle.min.js]
[static.parastorage.com/services/santa-members-viewer-app/1.748.0/app.bundle.min.js]
[static.parastorage.com/services/editor-elements/dist/componentSdks.aad78ddd.bundle.min.js]
[static.parastorage.com/services/tag-manager-client/1.282.0/siteTags.bundle.min.js]
[static.parastorage.com/services/editor-elements/dist/thunderboltElements.989eea31.bundle.min.js]
[static.parastorage.com/services/wix-perf-measure/1.401.0/wix-perf-measure.bundle.min.js]
[static.parastorage.com/unpkg/react-dom@16.13.1/umd/react-dom.production.min.js]
[static.parastorage.com/services/wix-thunderbolt/dist/animations-vendors.914e7e5d.chunk.min.js]
[static.parastorage.com/services/wix-thunderbolt/dist/activePopup.a39abdcf.chunk.min.js]
[shirali238.wixsite.com/index.html]
[static.parastorage.com/services/wix-thunderbolt/dist/headerPlaceholderHeight.d4c4e356.chunk.min.js]
[static.parastorage.com/services/wix-thunderbolt/dist/loginSocialBar.d479aa0a.chunk.min.js]
[static.parastorage.com/services/wix-thunderbolt/dist/ooiTpaSharedConfig.5758877b.chunk.min.js]
[static.parastorage.com/services/wix-thunderbolt/dist/platformPubsub.6b070b26.chunk.min.js]
[static.parastorage.com/services/wix-thunderbolt/dist/sosp.2fd75148.chunk.min.js]
[static.parastorage.com/services/wix-thunderbolt/dist/tpa.15c06226.chunk.min.js]
[static.parastorage.com/services/wix-thunderbolt/dist/pageTransitions.c1f4df84.chunk.min.js]
[static.parastorage.com/services/editor-elements/dist/bootstrap-components-common.af16d9e2.chunk.min.js]
[static.parastorage.com/services/editor-elements/dist/bootstrap-components-classic.fe50ecd4.chunk.min.js]
[static.parastorage.com/services/editor-elements/dist/Container_DefaultAreaSkin.c8420b50.chunk.min.js]
[static.parastorage.com/services/editor-elements/dist/bootstrap-components-responsive.64a52301.chunk.min.js]
[static.parastorage.com/services/editor-elements/dist/LoginSocialBar.a4796ad9.chunk.min.js]
[static.parastorage.com/services/editor-elements/dist/VerticalMenu_VerticalMenuSolidColorSkin.d0e51c4f.chunk.min.js]
[static.parastorage.com/services/editor-elements/dist/MeshGroup.6fabb4a8.chunk.min.js]
[static.parastorage.com/services/editor-elements/dist/FreemiumBannerDesktop.9ccc100d.chunk.min.js]
[static.parastorage.com/services/editor-elements/dist/FiveGridLine_SolidLine.26a6ad81.chunk.min.js]
[static.parastorage.com/services/wix-thunderbolt/dist/tpa-components.13202ac4.chunk.min.js]
[shirali238.wixsite.com/portfolio/about.html]
[static.parastorage.com/services/pro-gallery-santa-wrapper/1.1527.0/staticCss.min.css]
[shirali238.wixsite.com/portfolio/contact.html]
[static.wixstatic.com/media/720913_bf0ce47942224e52831ec4ba20cab5a1_mv2.jpg/v1/fill/w_1026,h_685,al_c,q_90/720913_bf0ce47942224e52831ec4ba20cab5a1_mv2.jpg]
[static.wixstatic.com/media/720913_9ef4160a13264b619200aedc25a89a88_mv2.jpg/v1/fill/w_998,h_348,al_c,q_90/720913_9ef4160a13264b619200aedc25a89a88_mv2.jpg]
[static.wixstatic.com/media/720913_5e584b65f91a4cdf88683c9dc013605b_mv2.jpg/v1/fill/w_496,h_496,al_c,q_90/720913_5e584b65f91a4cdf88683c9dc013605b_mv2.jpg]
[static.wixstatic.com/media/720913_bba5d6421131424b9f17cc5895291b54_mv2.jpg/v1/fill/w_495,h_495,al_c,q_90/720913_bba5d6421131424b9f17cc5895291b54_mv2.jpg]
[static.wixstatic.com/media/720913_c966093919b0451e91e9893c7d004831_mv2.jpg/v1/fill/w_963,h_242,al_c,q_90/720913_c966093919b0451e91e9893c7d004831_mv2.jpg]
[static.wixstatic.com/media/720913_e6ff28178e4c471d98450c08db09beca_mv2.jpg/v1/fill/w_540,h_778,al_c,q_90/720913_e6ff28178e4c471d98450c08db09beca_mv2.jpg]
[static.wixstatic.com/media/720913_a7074336da5b4b9eaa230fdecb17093f_mv2.jpg/v1/fill/w_445,h_778,al_c,q_90/720913_a7074336da5b4b9eaa230fdecb17093f_mv2.jpg]
[static.wixstatic.com/media/720913_9654e43450b248df9fdd504626a45c9a_mv2.jpg/v1/fill/w_381,h_429,al_c,q_90/720913_9654e43450b248df9fdd504626a45c9a_mv2.jpg]
[static.wixstatic.com/media/720913_b97272c13fac417db5ee3fff0b8b61b4_mv2.jpg/v1/fill/w_607,h_429,al_c,q_90/720913_b97272c13fac417db5ee3fff0b8b61b4_mv2.jpg]
[static.wixstatic.com/media/720913_c313b9ef92874d22ba97d01bf16497fa_mv2.jpg/v1/fill/w_1011,h_417,al_c,q_90/720913_c313b9ef92874d22ba97d01bf16497fa_mv2.jpg]
[shirali238.wixsite.com/portfolio.html]
[shirali238.wixsite.com/portfolio/decodeURIComponent(e.html]
[shirali238.wixsite.com/portfolio/https_.html]
[shirali238.wixsite.com/portfolio/robots.html]
[shirali238.wixsite.com/portfolio/feed.html]
[shirali238.wixsite.com/index.html]
[static.wixstatic.com/media/720913_3a99809fbcc44413b920a408cd1e1fb0_mv2.jpg/v1/crop/x_435,y_0,w_730,h_1200/fill/w_184,h_302,al_c,q_80,usm_0.66_1.00_0.01,blur_2/IMG_2027_Original.jpg]
[shirali238.wixsite.com/portfolio/about.html]
[static.parastorage.com/services/wix-thunderbolt/dist/onloadCompsBehaviors.69d4052b.chunk.min.js]
[static.parastorage.com/services/editor-elements/dist/AppWidget.0afc3317.chunk.min.js]
[static.parastorage.com/services/editor-elements/dist/FormContainer_FormContainerSkin.2824f846.chunk.min.js]
[static.parastorage.com/services/editor-elements/dist/common-site-members-dialogs.3820fb06.chunk.min.js]
[static.parastorage.com/services/editor-elements/dist/TextInput.d1a3f0bc.chunk.min.js]
[static.parastorage.com/services/editor-elements/dist/TextAreaInput.34b91eda.chunk.min.js]
[shirali238.wixsite.com/portfolio/contact.html]
[static.parastorage.com/services/pro-gallery-santa-wrapper/1.1527.0/staticCss.min.css]
